#-----------------------------------------------------------
# Vivado v2025.1 (64-bit)
# SW Build 6140274 on Thu May 22 00:12:29 MDT 2025
# IP Build 6138677 on Thu May 22 03:10:11 MDT 2025
# SharedData Build 6139179 on Tue May 20 17:58:58 MDT 2025
# Start of session at: Thu Jun 18 17:14:09 2026
# Process ID         : 25480
# Current directory  : C:/Users/91883/Downloads/SIR_DWAREA/project_1_bitstreamGenerate
# Command line       : vivado.exe -gui_launcher_event rodinguilauncherevent10792 C:\Users\91883\Downloads\SIR_DWAREA\project_1_bitstreamGenerate\project_1_bitstreamGenerate.xpr
# Log file           : C:/Users/91883/Downloads/SIR_DWAREA/project_1_bitstreamGenerate/vivado.log
# Journal file       : C:/Users/91883/Downloads/SIR_DWAREA/project_1_bitstreamGenerate\vivado.jou
# Running On         : JAINEEEE
# Platform           : Windows Server 2016 or Windows 10
# Operating System   : 26200
# Processor Detail   : AMD Ryzen 5 4500U with Radeon Graphics         
# CPU Frequency      : 2371 MHz
# CPU Physical cores : 6
# CPU Logical cores  : 6
# Host memory        : 7968 MB
# Swap memory        : 17855 MB
# Total Virtual      : 25824 MB
# Available Virtual  : 6361 MB
#-----------------------------------------------------------
start_gui
open_project C:/Users/91883/Downloads/SIR_DWAREA/project_1_bitstreamGenerate/project_1_bitstreamGenerate.xpr
set_property source_mgmt_mode None [current_project]
set_property source_mgmt_mode All [current_project]
update_compile_order -fileset sources_1
update_compile_order -fileset sim_1
file mkdir C:/Users/91883/Downloads/SIR_DWAREA/cw305_aes_project/src
add_files -fileset constrs_1 -norecurse C:/Users/91883/Documents/project_1_bitstreamGenerate/project_1_bitstreamGenerate/project_1_bitstreamGenerate.srcs/sources_1/new/cw305.xdc
export_ip_user_files -of_objects  [get_files C:/Users/91883/Downloads/SIR_DWAREA/cw305_aes_project/src/cw305.xdc] -no_script -reset -force -quiet
remove_files  -fileset constrs_1 C:/Users/91883/Downloads/SIR_DWAREA/cw305_aes_project/src/cw305.xdc
reset_run synth_1
launch_runs impl_1 -to_step write_bitstream -jobs 3
wait_on_run impl_1
open_run impl_1
close_design
